> source("cachematrix.R")
> x1 <- rbind(c(10, -1/4), c(-1/4, 10))
> x1
      [,1]  [,2]
[1,] 10.00 -0.25
[2,] -0.25 10.00
> cacheSolve(x1)
Error in x$getinverse : $ operator is invalid for atomic vectors
> m <- makeCacheMatrix(x1)
> cacheSolve(m)
            [,1]        [,2]
[1,] 0.100062539 0.002501563
[2,] 0.002501563 0.100062539
> cacheSolve(m)
getting cached data.
            [,1]        [,2]
[1,] 0.100062539 0.002501563
[2,] 0.002501563 0.100062539
> x2 <- rbind(c(1,2,3), c(2,3,4), c(3,4,5))
> m <- makeCacheMatrix(x2)
> cacheSolve(m)
 Show Traceback
 
 Rerun with Debug
 Error in solve.default(data) : 
  system is computationally singular: reciprocal condition number = 2.31296e-18 > 
> x2 <- rbind(c(1,2,3), c(0,4,5), c(1,0,6))
> m <- makeCacheMatrix(x2)
> cacheSolve(m)
           [,1]        [,2]        [,3]
[1,]  1.0909091 -0.54545455 -0.09090909
[2,]  0.2272727  0.13636364 -0.22727273
[3,] -0.1818182  0.09090909  0.18181818
> cacheSolve(m)
getting cached data.
           [,1]        [,2]        [,3]
[1,]  1.0909091 -0.54545455 -0.09090909
[2,]  0.2272727  0.13636364 -0.22727273
[3,] -0.1818182  0.09090909  0.18181818
> x2 <- rbind(c(1,2,3), c(0,4,5))
> m <- makeCacheMatrix(x2)
> cacheSolve(m)
 Show Traceback
 
 Rerun with Debug
 Error in solve.default(data) : 'a' (2 x 3) must be square 
